// Jest Snapshot v1, https://goo.gl/fbAQLP

exports[`CommunitySettingsTab renders correctly 1`] = `
<div>
  <input
    data-stylename="name"
    onChange={[Function]}
    type="text"
    value="Foomunity"
  />
  <SettingsControl
    label="Description"
    onChange={[Function]}
    type="textarea"
    value="Great community"
  />
  <SettingsControl
    label="Location"
    onChange={[Function]}
    value="Fuji"
  />
  <div
    data-stylename="button-row"
  >
    <Button
      color="gray"
      data-stylename="save-button"
      label="Save Changes"
      onClick={null}
    />
  </div>
</div>
`;
